./data/raw\Cloud\Cloud_008.wav
./data/raw\Cloud\Cloud_016.wav
./data/raw\Cloud\Cloud_025.wav
./data/raw\Cloud\Cloud_067.wav
./data/raw\Cloud\Cloud_006.wav
./data/raw\Cloud\Cloud_023.wav
./data/raw\Cloud\Cloud_059.wav
./data/raw\Cloud\Cloud_057.wav
./data/raw\Cloud\Cloud_036.wav
./data/raw\Cloud\Cloud_050.wav
./data/raw\Cloud\Cloud_052.wav
./data/raw\Cloud\Cloud_012.wav
./data/raw\Cloud\Cloud_013.wav
./data/raw\Cloud\Cloud_031.wav
./data/raw\Cloud\Cloud_046.wav
./data/raw\Cloud\Cloud_071.wav
./data/raw\Cloud\Cloud_004.wav
./data/raw\Cloud\Cloud_011.wav
./data/raw\Cloud\Cloud_065.wav
./data/raw\Cloud\Cloud_035.wav
./data/raw\Cloud\Cloud_054.wav
./data/raw\Cloud\Cloud_049.wav
./data/raw\Cloud\Cloud_034.wav
./data/raw\Cloud\Cloud_027.wav
./data/raw\Cloud\Cloud_066.wav
./data/raw\Cloud\Cloud_048.wav
./data/raw\Cloud\Cloud_043.wav
./data/raw\Cloud\Cloud_047.wav
./data/raw\Cloud\Cloud_062.wav
./data/raw\Cloud\Cloud_018.wav
./data/raw\Cloud\Cloud_009.wav
./data/raw\Cloud\Cloud_061.wav
./data/raw\Cloud\Cloud_069.wav
./data/raw\Cloud\Cloud_028.wav
./data/raw\Cloud\Cloud_070.wav
./data/raw\Cloud\Cloud_064.wav
./data/raw\Cloud\Cloud_030.wav
./data/raw\Cloud\Cloud_060.wav
./data/raw\Cloud\Cloud_037.wav
./data/raw\Cloud\Cloud_015.wav
./data/raw\Cloud\Cloud_045.wav
./data/raw\Cloud\Cloud_007.wav
./data/raw\Cloud\Cloud_072.wav
./data/raw\Cloud\Cloud_042.wav
./data/raw\Cloud\Cloud_058.wav
./data/raw\Cloud\Cloud_033.wav
./data/raw\Cloud\Cloud_040.wav
./data/raw\Cloud\Cloud_005.wav
./data/raw\Cloud\Cloud_053.wav
./data/raw\Cloud\Cloud_001.wav
./data/raw\Cloud\Cloud_051.wav
./data/raw\Cloud\Cloud_002.wav
./data/raw\Cloud\Cloud_022.wav
./data/raw\Cloud\Cloud_063.wav
./data/raw\Cloud\Cloud_017.wav
./data/raw\Cloud\Cloud_026.wav
./data/raw\Cloud\Cloud_014.wav
./data/raw\Cloud\Cloud_039.wav
./data/raw\Isabelle\Isabelle_031.wav
./data/raw\Isabelle\Isabelle_041.wav
./data/raw\Isabelle\Isabelle_027.wav
./data/raw\Isabelle\Isabelle_025.wav
./data/raw\Isabelle\Isabelle_006.wav
./data/raw\Isabelle\Isabelle_009.wav
./data/raw\Isabelle\Isabelle_004.wav
./data/raw\Isabelle\Isabelle_033.wav
./data/raw\Isabelle\Isabelle_039.wav
./data/raw\Isabelle\Isabelle_016.wav
./data/raw\Isabelle\Isabelle_015.wav
./data/raw\Isabelle\Isabelle_030.wav
./data/raw\Isabelle\Isabelle_011.wav
./data/raw\Isabelle\Isabelle_018.wav
./data/raw\Isabelle\Isabelle_035.wav
./data/raw\Isabelle\Isabelle_013.wav
./data/raw\Isabelle\Isabelle_034.wav
./data/raw\Isabelle\Isabelle_028.wav
./data/raw\Isabelle\Isabelle_040.wav
./data/raw\Isabelle\Isabelle_005.wav
./data/raw\Isabelle\Isabelle_037.wav
./data/raw\Isabelle\Isabelle_001.wav
./data/raw\Isabelle\Isabelle_023.wav
./data/raw\Isabelle\Isabelle_002.wav
./data/raw\Isabelle\Isabelle_022.wav
./data/raw\Isabelle\Isabelle_017.wav
./data/raw\Isabelle\Isabelle_026.wav
./data/raw\Isabelle\Isabelle_043.wav
./data/raw\Isabelle\Isabelle_014.wav
./data/raw\Isabelle\Isabelle_007.wav
./data/raw\Isabelle\Isabelle_029.wav
./data/raw\Isabelle\Isabelle_012.wav
./data/raw\Isabelle\Isabelle_020.wav
./data/raw\Isabelle\Isabelle_032.wav
./data/raw\Isabelle\Isabelle_038.wav
./data/raw\Ness\Ness_004.wav
./data/raw\Ness\Ness_034.wav
./data/raw\Ness\Ness_018.wav
./data/raw\Ness\Ness_022.wav
./data/raw\Ness\Ness_017.wav
./data/raw\Ness\Ness_020.wav
./data/raw\Ness\Ness_015.wav
./data/raw\Ness\Ness_026.wav
./data/raw\Ness\Ness_013.wav
./data/raw\Ness\Ness_032.wav
./data/raw\Ness\Ness_005.wav
./data/raw\Ness\Ness_023.wav
./data/raw\Ness\Ness_033.wav
./data/raw\Ness\Ness_001.wav
./data/raw\Ness\Ness_028.wav
./data/raw\Ness\Ness_016.wav
./data/raw\Ness\Ness_002.wav
./data/raw\Ness\Ness_014.wav
./data/raw\Ness\Ness_007.wav
./data/raw\Ness\Ness_012.wav
./data/raw\Ness\Ness_031.wav
./data/raw\Ness\Ness_006.wav
./data/raw\Ness\Ness_030.wav
./data/raw\Ness\Ness_027.wav
./data/raw\Ness\Ness_009.wav
./data/raw\Ness\Ness_025.wav
./data/raw\Ness\Ness_011.wav
./data/raw\Ness\Ness_010.wav
